[2026-08-16 00:14:23,744] WARNING: PyNaCl is not installed, voice will NOT be supported
[2026-08-16 00:14:23,745] WARNING: davey is not installed, voice will NOT be supported
[2026-08-16 00:15:02,776] WARNING: PyNaCl is not installed, voice will NOT be supported
[2026-08-16 00:15:02,776] WARNING: davey is not installed, voice will NOT be supported
[2026-08-16 00:15:12,062] WARNING: PyNaCl is not installed, voice will NOT be supported
[2026-08-16 00:15:12,062] WARNING: davey is not installed, voice will NOT be supported
[2026-08-16 00:15:12,062] INFO: logging in using static token
[2026-08-16 00:15:13,437] INFO: Loaded cogs.annoy
[2026-08-16 00:15:13,440] INFO: Loaded cogs.antinuke
[2026-08-16 00:15:13,441] ERROR: Failed to load cogs.autosend — skipping, other cogs will still load
Traceback (most recent call last):
  File "/home/light/Documents/main.exe/[00] WIP/Meliolin/venv/lib/python3.12/site-packages/discord/ext/commands/bot.py", line 974, in _load_from_module_spec
    await setup(self)
  File "/home/light/Documents/main.exe/[00] WIP/Meliolin/cogs/autosend.py", line 74, in setup
    await bot.add_cog(autosend(bot))
  File "/home/light/Documents/main.exe/[00] WIP/Meliolin/venv/lib/python3.12/site-packages/discord/ext/commands/bot.py", line 810, in add_cog
    cog = await cog._inject(self, override=override, guild=guild, guilds=guilds)
          ^^^^^^^^^^^^^^^^^^^^^^^^^^^^^^^^^^^^^^^^^^^^^^^^^^^^^^^^^^^^^^^^^^^^^^
  File "/home/light/Documents/main.exe/[00] WIP/Meliolin/venv/lib/python3.12/site-packages/discord/ext/commands/cog.py", line 729, in _inject
    raise e
  File "/home/light/Documents/main.exe/[00] WIP/Meliolin/venv/lib/python3.12/site-packages/discord/ext/commands/cog.py", line 720, in _inject
    bot.add_command(command)
  File "/home/light/Documents/main.exe/[00] WIP/Meliolin/venv/lib/python3.12/site-packages/discord/ext/commands/bot.py", line 264, in add_command
    super().add_command(command)
  File "/home/light/Documents/main.exe/[00] WIP/Meliolin/venv/lib/python3.12/site-packages/discord/ext/commands/core.py", line 1391, in add_command
    raise CommandRegistrationError(command.name)
discord.ext.commands.errors.CommandRegistrationError: The command annoy is already an existing command or alias.

The above exception was the direct cause of the following exception:

Traceback (most recent call last):
  File "/home/light/Documents/main.exe/[00] WIP/Meliolin/main.py", line 99, in setup_hook
    await self.load_extension(f"cogs.{filename[:-3]}")
  File "/home/light/Documents/main.exe/[00] WIP/Meliolin/venv/lib/python3.12/site-packages/discord/ext/commands/bot.py", line 1040, in load_extension
    await self._load_from_module_spec(spec, name)
  File "/home/light/Documents/main.exe/[00] WIP/Meliolin/venv/lib/python3.12/site-packages/discord/ext/commands/bot.py", line 979, in _load_from_module_spec
    raise errors.ExtensionFailed(key, e) from e
discord.ext.commands.errors.ExtensionFailed: Extension 'cogs.autosend' raised an error: CommandRegistrationError: The command annoy is already an existing command or alias.
[2026-08-16 00:15:13,446] INFO: Loaded cogs.boosterroles
[2026-08-16 00:15:13,447] INFO: Loaded cogs.botperms
[2026-08-16 00:15:13,450] INFO: Loaded cogs.channels
[2026-08-16 00:15:13,451] INFO: Loaded cogs.giveaway
[2026-08-16 00:15:13,452] INFO: Loaded cogs.help
[2026-08-16 00:15:13,452] INFO: Loaded cogs.invites
[2026-08-16 00:15:13,452] INFO: Loaded cogs.latency
[2026-08-16 00:15:13,453] INFO: Loaded cogs.mimic
[2026-08-16 00:15:13,454] INFO: Loaded cogs.moderation
[2026-08-16 00:15:13,454] INFO: Loaded cogs.modlog
[2026-08-16 00:15:13,455] INFO: Loaded cogs.mutes
[2026-08-16 00:15:13,456] INFO: Loaded cogs.nicknames
[2026-08-16 00:15:13,458] INFO: Loaded cogs.owner
[2026-08-16 00:15:13,459] INFO: Loaded cogs.pingrole
[2026-08-16 00:15:13,460] INFO: Loaded cogs.purge
[2026-08-16 00:15:13,462] INFO: Loaded cogs.roles
[2026-08-16 00:15:13,462] INFO: Loaded cogs.serverconfig
[2026-08-16 00:15:13,463] INFO: Loaded cogs.snipe
[2026-08-16 00:15:13,463] INFO: Loaded cogs.userinfo
[2026-08-16 00:15:13,465] INFO: Loaded cogs.uwu
[2026-08-16 00:15:14,362] INFO: Shard ID None has connected to Gateway (Session ID: 24d51240e47159e6403e7585182d0693).
[2026-08-16 00:15:17,809] INFO: running as Meliolin#2512
[2026-08-16 00:15:17,809] INFO: owner_id: 1527319055017578547, owner_ids: set()
[2026-08-16 00:27:25,330] WARNING: PyNaCl is not installed, voice will NOT be supported
[2026-08-16 00:27:25,331] WARNING: davey is not installed, voice will NOT be supported
[2026-08-16 00:27:25,331] INFO: logging in using static token
[2026-08-16 00:27:27,042] INFO: Loaded cogs.annoy
[2026-08-16 00:27:27,056] INFO: Loaded cogs.antinuke
[2026-08-16 00:27:27,057] ERROR: Failed to load cogs.autosend — skipping, other cogs will still load
Traceback (most recent call last):
  File "/home/light/Documents/main.exe/[00] WIP/Meliolin/venv/lib/python3.12/site-packages/discord/ext/commands/bot.py", line 974, in _load_from_module_spec
    await setup(self)
  File "/home/light/Documents/main.exe/[00] WIP/Meliolin/cogs/autosend.py", line 74, in setup
    await bot.add_cog(autosend(bot))
  File "/home/light/Documents/main.exe/[00] WIP/Meliolin/venv/lib/python3.12/site-packages/discord/ext/commands/bot.py", line 810, in add_cog
    cog = await cog._inject(self, override=override, guild=guild, guilds=guilds)
          ^^^^^^^^^^^^^^^^^^^^^^^^^^^^^^^^^^^^^^^^^^^^^^^^^^^^^^^^^^^^^^^^^^^^^^
  File "/home/light/Documents/main.exe/[00] WIP/Meliolin/venv/lib/python3.12/site-packages/discord/ext/commands/cog.py", line 729, in _inject
    raise e
  File "/home/light/Documents/main.exe/[00] WIP/Meliolin/venv/lib/python3.12/site-packages/discord/ext/commands/cog.py", line 720, in _inject
    bot.add_command(command)
  File "/home/light/Documents/main.exe/[00] WIP/Meliolin/venv/lib/python3.12/site-packages/discord/ext/commands/bot.py", line 264, in add_command
    super().add_command(command)
  File "/home/light/Documents/main.exe/[00] WIP/Meliolin/venv/lib/python3.12/site-packages/discord/ext/commands/core.py", line 1391, in add_command
    raise CommandRegistrationError(command.name)
discord.ext.commands.errors.CommandRegistrationError: The command annoy is already an existing command or alias.

The above exception was the direct cause of the following exception:

Traceback (most recent call last):
  File "/home/light/Documents/main.exe/[00] WIP/Meliolin/main.py", line 99, in setup_hook
    await self.load_extension(f"cogs.{filename[:-3]}")
  File "/home/light/Documents/main.exe/[00] WIP/Meliolin/venv/lib/python3.12/site-packages/discord/ext/commands/bot.py", line 1040, in load_extension
    await self._load_from_module_spec(spec, name)
  File "/home/light/Documents/main.exe/[00] WIP/Meliolin/venv/lib/python3.12/site-packages/discord/ext/commands/bot.py", line 979, in _load_from_module_spec
    raise errors.ExtensionFailed(key, e) from e
discord.ext.commands.errors.ExtensionFailed: Extension 'cogs.autosend' raised an error: CommandRegistrationError: The command annoy is already an existing command or alias.
[2026-08-16 00:27:27,063] INFO: Loaded cogs.boosterroles
[2026-08-16 00:27:27,066] INFO: Loaded cogs.botperms
[2026-08-16 00:27:27,072] INFO: Loaded cogs.channels
[2026-08-16 00:27:27,075] INFO: Loaded cogs.giveaway
[2026-08-16 00:27:27,076] INFO: Loaded cogs.help
[2026-08-16 00:27:27,077] INFO: Loaded cogs.invites
[2026-08-16 00:27:27,077] INFO: Loaded cogs.latency
[2026-08-16 00:27:27,078] INFO: Loaded cogs.mimic
[2026-08-16 00:27:27,079] INFO: Loaded cogs.moderation
[2026-08-16 00:27:27,080] INFO: Loaded cogs.modlog
[2026-08-16 00:27:27,083] INFO: Loaded cogs.mutes
[2026-08-16 00:27:27,085] INFO: Loaded cogs.nicknames
[2026-08-16 00:27:27,090] INFO: Loaded cogs.owner
[2026-08-16 00:27:27,092] INFO: Loaded cogs.pingrole
[2026-08-16 00:27:27,093] INFO: Loaded cogs.purge
[2026-08-16 00:27:27,096] INFO: Loaded cogs.roles
[2026-08-16 00:27:27,097] INFO: Loaded cogs.serverconfig
[2026-08-16 00:27:27,098] INFO: Loaded cogs.snipe
[2026-08-16 00:27:27,098] INFO: Loaded cogs.userinfo
[2026-08-16 00:27:27,101] INFO: Loaded cogs.uwu
[2026-08-16 00:27:28,032] INFO: Shard ID None has connected to Gateway (Session ID: fe9c53b815e3bf2fa1aa0986734e64c4).
[2026-08-16 00:27:31,803] INFO: running as Meliolin#2512
[2026-08-16 00:27:31,804] INFO: owner_id: 1527319055017578547, owner_ids: set()
[2026-08-16 00:32:34,492] WARNING: PyNaCl is not installed, voice will NOT be supported
[2026-08-16 00:32:34,493] WARNING: davey is not installed, voice will NOT be supported
[2026-08-16 00:34:55,562] WARNING: PyNaCl is not installed, voice will NOT be supported
[2026-08-16 00:34:55,563] WARNING: davey is not installed, voice will NOT be supported
[2026-08-16 00:35:04,887] WARNING: PyNaCl is not installed, voice will NOT be supported
[2026-08-16 00:35:04,887] WARNING: davey is not installed, voice will NOT be supported
[2026-08-16 00:35:04,888] INFO: logging in using static token
[2026-08-16 00:35:07,229] INFO: Loaded cogs.annoy
[2026-08-16 00:35:07,233] INFO: Loaded cogs.antinuke
[2026-08-16 00:35:07,234] ERROR: Failed to load cogs.autosend — skipping, other cogs will still load
Traceback (most recent call last):
  File "/home/light/Documents/main.exe/[00] WIP/Meliolin/venv/lib/python3.12/site-packages/discord/ext/commands/bot.py", line 974, in _load_from_module_spec
    await setup(self)
  File "/home/light/Documents/main.exe/[00] WIP/Meliolin/cogs/autosend.py", line 74, in setup
    await bot.add_cog(autosend(bot))
  File "/home/light/Documents/main.exe/[00] WIP/Meliolin/venv/lib/python3.12/site-packages/discord/ext/commands/bot.py", line 810, in add_cog
    cog = await cog._inject(self, override=override, guild=guild, guilds=guilds)
          ^^^^^^^^^^^^^^^^^^^^^^^^^^^^^^^^^^^^^^^^^^^^^^^^^^^^^^^^^^^^^^^^^^^^^^
  File "/home/light/Documents/main.exe/[00] WIP/Meliolin/venv/lib/python3.12/site-packages/discord/ext/commands/cog.py", line 729, in _inject
    raise e
  File "/home/light/Documents/main.exe/[00] WIP/Meliolin/venv/lib/python3.12/site-packages/discord/ext/commands/cog.py", line 720, in _inject
    bot.add_command(command)
  File "/home/light/Documents/main.exe/[00] WIP/Meliolin/venv/lib/python3.12/site-packages/discord/ext/commands/bot.py", line 264, in add_command
    super().add_command(command)
  File "/home/light/Documents/main.exe/[00] WIP/Meliolin/venv/lib/python3.12/site-packages/discord/ext/commands/core.py", line 1391, in add_command
    raise CommandRegistrationError(command.name)
discord.ext.commands.errors.CommandRegistrationError: The command annoy is already an existing command or alias.

The above exception was the direct cause of the following exception:

Traceback (most recent call last):
  File "/home/light/Documents/main.exe/[00] WIP/Meliolin/main.py", line 99, in setup_hook
    await self.load_extension(f"cogs.{filename[:-3]}")
  File "/home/light/Documents/main.exe/[00] WIP/Meliolin/venv/lib/python3.12/site-packages/discord/ext/commands/bot.py", line 1040, in load_extension
    await self._load_from_module_spec(spec, name)
  File "/home/light/Documents/main.exe/[00] WIP/Meliolin/venv/lib/python3.12/site-packages/discord/ext/commands/bot.py", line 979, in _load_from_module_spec
    raise errors.ExtensionFailed(key, e) from e
discord.ext.commands.errors.ExtensionFailed: Extension 'cogs.autosend' raised an error: CommandRegistrationError: The command annoy is already an existing command or alias.
[2026-08-16 00:35:07,237] INFO: Loaded cogs.boosterroles
[2026-08-16 00:35:07,239] INFO: Loaded cogs.botperms
[2026-08-16 00:35:07,241] INFO: Loaded cogs.channels
[2026-08-16 00:35:07,243] INFO: Loaded cogs.giveaway
[2026-08-16 00:35:07,244] INFO: Loaded cogs.help
[2026-08-16 00:35:07,244] INFO: Loaded cogs.invites
[2026-08-16 00:35:07,244] INFO: Loaded cogs.latency
[2026-08-16 00:35:07,245] INFO: Loaded cogs.mimic
[2026-08-16 00:35:07,246] INFO: Loaded cogs.moderation
[2026-08-16 00:35:07,247] INFO: Loaded cogs.modlog
[2026-08-16 00:35:07,247] INFO: Loaded cogs.mutes
[2026-08-16 00:35:07,248] INFO: Loaded cogs.nicknames
[2026-08-16 00:35:07,251] INFO: Loaded cogs.owner
[2026-08-16 00:35:07,252] INFO: Loaded cogs.pingrole
[2026-08-16 00:35:07,254] INFO: Loaded cogs.purge
[2026-08-16 00:35:07,256] INFO: Loaded cogs.roles
[2026-08-16 00:35:07,256] INFO: Loaded cogs.serverconfig
[2026-08-16 00:35:07,257] INFO: Loaded cogs.snipe
[2026-08-16 00:35:07,258] INFO: Loaded cogs.userinfo
[2026-08-16 00:35:07,259] INFO: Loaded cogs.uwu
[2026-08-16 00:35:08,192] INFO: Shard ID None has connected to Gateway (Session ID: 430dc7e33b5b0124b805fc7509ce047d).
[2026-08-16 00:35:12,032] INFO: running as Meliolin#2512
[2026-08-16 00:35:12,033] INFO: owner_id: 1527319055017578547, owner_ids: set()
[2026-08-16 00:38:22,538] WARNING: PyNaCl is not installed, voice will NOT be supported
[2026-08-16 00:38:22,538] WARNING: davey is not installed, voice will NOT be supported
[2026-08-16 00:38:22,538] INFO: logging in using static token
[2026-08-16 00:38:24,044] INFO: Loaded cogs.annoy
[2026-08-16 00:38:24,060] INFO: Loaded cogs.antinuke
[2026-08-16 00:38:24,061] ERROR: Failed to load cogs.autosend — skipping, other cogs will still load
Traceback (most recent call last):
  File "/home/light/Documents/main.exe/[00] WIP/Meliolin/venv/lib/python3.12/site-packages/discord/ext/commands/bot.py", line 974, in _load_from_module_spec
    await setup(self)
  File "/home/light/Documents/main.exe/[00] WIP/Meliolin/cogs/autosend.py", line 74, in setup
    await bot.add_cog(autosend(bot))
  File "/home/light/Documents/main.exe/[00] WIP/Meliolin/venv/lib/python3.12/site-packages/discord/ext/commands/bot.py", line 810, in add_cog
    cog = await cog._inject(self, override=override, guild=guild, guilds=guilds)
          ^^^^^^^^^^^^^^^^^^^^^^^^^^^^^^^^^^^^^^^^^^^^^^^^^^^^^^^^^^^^^^^^^^^^^^
  File "/home/light/Documents/main.exe/[00] WIP/Meliolin/venv/lib/python3.12/site-packages/discord/ext/commands/cog.py", line 729, in _inject
    raise e
  File "/home/light/Documents/main.exe/[00] WIP/Meliolin/venv/lib/python3.12/site-packages/discord/ext/commands/cog.py", line 720, in _inject
    bot.add_command(command)
  File "/home/light/Documents/main.exe/[00] WIP/Meliolin/venv/lib/python3.12/site-packages/discord/ext/commands/bot.py", line 264, in add_command
    super().add_command(command)
  File "/home/light/Documents/main.exe/[00] WIP/Meliolin/venv/lib/python3.12/site-packages/discord/ext/commands/core.py", line 1391, in add_command
    raise CommandRegistrationError(command.name)
discord.ext.commands.errors.CommandRegistrationError: The command annoy is already an existing command or alias.

The above exception was the direct cause of the following exception:

Traceback (most recent call last):
  File "/home/light/Documents/main.exe/[00] WIP/Meliolin/main.py", line 99, in setup_hook
    await self.load_extension(f"cogs.{filename[:-3]}")
  File "/home/light/Documents/main.exe/[00] WIP/Meliolin/venv/lib/python3.12/site-packages/discord/ext/commands/bot.py", line 1040, in load_extension
    await self._load_from_module_spec(spec, name)
  File "/home/light/Documents/main.exe/[00] WIP/Meliolin/venv/lib/python3.12/site-packages/discord/ext/commands/bot.py", line 979, in _load_from_module_spec
    raise errors.ExtensionFailed(key, e) from e
discord.ext.commands.errors.ExtensionFailed: Extension 'cogs.autosend' raised an error: CommandRegistrationError: The command annoy is already an existing command or alias.
[2026-08-16 00:38:24,065] INFO: Loaded cogs.boosterroles
[2026-08-16 00:38:24,067] INFO: Loaded cogs.botperms
[2026-08-16 00:38:24,070] INFO: Loaded cogs.channels
[2026-08-16 00:38:24,072] INFO: Loaded cogs.giveaway
[2026-08-16 00:38:24,072] INFO: Loaded cogs.help
[2026-08-16 00:38:24,073] INFO: Loaded cogs.invites
[2026-08-16 00:38:24,073] INFO: Loaded cogs.latency
[2026-08-16 00:38:24,073] INFO: Loaded cogs.mimic
[2026-08-16 00:38:24,075] INFO: Loaded cogs.moderation
[2026-08-16 00:38:24,075] INFO: Loaded cogs.modlog
[2026-08-16 00:38:24,076] INFO: Loaded cogs.mutes
[2026-08-16 00:38:24,077] INFO: Loaded cogs.nicknames
[2026-08-16 00:38:24,080] INFO: Loaded cogs.owner
[2026-08-16 00:38:24,081] INFO: Loaded cogs.pingrole
[2026-08-16 00:38:24,082] INFO: Loaded cogs.purge
[2026-08-16 00:38:24,085] INFO: Loaded cogs.roles
[2026-08-16 00:38:24,086] INFO: Loaded cogs.serverconfig
[2026-08-16 00:38:24,088] INFO: Loaded cogs.snipe
[2026-08-16 00:38:24,088] INFO: Loaded cogs.userinfo
[2026-08-16 00:38:24,089] INFO: Loaded cogs.uwu
[2026-08-16 00:38:25,067] INFO: Shard ID None has connected to Gateway (Session ID: a13c89c498bca150d215c4776a6bf19f).
[2026-08-16 00:38:28,808] INFO: running as Meliolin#2512
[2026-08-16 00:38:28,808] INFO: owner_id: 1527319055017578547, owner_ids: set()
[2026-08-16 00:45:01,577] WARNING: PyNaCl is not installed, voice will NOT be supported
[2026-08-16 00:45:01,578] WARNING: davey is not installed, voice will NOT be supported
[2026-08-16 00:45:11,247] WARNING: PyNaCl is not installed, voice will NOT be supported
[2026-08-16 00:45:11,247] WARNING: davey is not installed, voice will NOT be supported
[2026-08-16 00:45:11,247] INFO: logging in using static token
[2026-08-16 00:45:12,730] INFO: Loaded cogs.annoy
[2026-08-16 00:45:12,734] INFO: Loaded cogs.antinuke
[2026-08-16 00:45:12,734] ERROR: Failed to load cogs.autosend — skipping, other cogs will still load
Traceback (most recent call last):
  File "/home/light/Documents/main.exe/[00] WIP/Meliolin/venv/lib/python3.12/site-packages/discord/ext/commands/bot.py", line 974, in _load_from_module_spec
    await setup(self)
  File "/home/light/Documents/main.exe/[00] WIP/Meliolin/cogs/autosend.py", line 74, in setup
    await bot.add_cog(autosend(bot))
  File "/home/light/Documents/main.exe/[00] WIP/Meliolin/venv/lib/python3.12/site-packages/discord/ext/commands/bot.py", line 810, in add_cog
    cog = await cog._inject(self, override=override, guild=guild, guilds=guilds)
          ^^^^^^^^^^^^^^^^^^^^^^^^^^^^^^^^^^^^^^^^^^^^^^^^^^^^^^^^^^^^^^^^^^^^^^
  File "/home/light/Documents/main.exe/[00] WIP/Meliolin/venv/lib/python3.12/site-packages/discord/ext/commands/cog.py", line 729, in _inject
    raise e
  File "/home/light/Documents/main.exe/[00] WIP/Meliolin/venv/lib/python3.12/site-packages/discord/ext/commands/cog.py", line 720, in _inject
    bot.add_command(command)
  File "/home/light/Documents/main.exe/[00] WIP/Meliolin/venv/lib/python3.12/site-packages/discord/ext/commands/bot.py", line 264, in add_command
    super().add_command(command)
  File "/home/light/Documents/main.exe/[00] WIP/Meliolin/venv/lib/python3.12/site-packages/discord/ext/commands/core.py", line 1391, in add_command
    raise CommandRegistrationError(command.name)
discord.ext.commands.errors.CommandRegistrationError: The command annoy is already an existing command or alias.

The above exception was the direct cause of the following exception:

Traceback (most recent call last):
  File "/home/light/Documents/main.exe/[00] WIP/Meliolin/main.py", line 99, in setup_hook
    await self.load_extension(f"cogs.{filename[:-3]}")
  File "/home/light/Documents/main.exe/[00] WIP/Meliolin/venv/lib/python3.12/site-packages/discord/ext/commands/bot.py", line 1040, in load_extension
    await self._load_from_module_spec(spec, name)
  File "/home/light/Documents/main.exe/[00] WIP/Meliolin/venv/lib/python3.12/site-packages/discord/ext/commands/bot.py", line 979, in _load_from_module_spec
    raise errors.ExtensionFailed(key, e) from e
discord.ext.commands.errors.ExtensionFailed: Extension 'cogs.autosend' raised an error: CommandRegistrationError: The command annoy is already an existing command or alias.
[2026-08-16 00:45:12,738] INFO: Loaded cogs.boosterroles
[2026-08-16 00:45:12,739] INFO: Loaded cogs.botperms
[2026-08-16 00:45:12,741] INFO: Loaded cogs.channels
[2026-08-16 00:45:12,743] INFO: Loaded cogs.giveaway
[2026-08-16 00:45:12,744] INFO: Loaded cogs.help
[2026-08-16 00:45:12,744] INFO: Loaded cogs.invites
[2026-08-16 00:45:12,744] INFO: Loaded cogs.latency
[2026-08-16 00:45:12,744] INFO: Loaded cogs.mimic
[2026-08-16 00:45:12,746] INFO: Loaded cogs.moderation
[2026-08-16 00:45:12,746] INFO: Loaded cogs.modlog
[2026-08-16 00:45:12,747] INFO: Loaded cogs.mutes
[2026-08-16 00:45:12,747] INFO: Loaded cogs.nicknames
[2026-08-16 00:45:12,750] INFO: Loaded cogs.owner
[2026-08-16 00:45:12,750] INFO: Loaded cogs.pingrole
[2026-08-16 00:45:12,751] INFO: Loaded cogs.purge
[2026-08-16 00:45:12,753] INFO: Loaded cogs.roles
[2026-08-16 00:45:12,754] INFO: Loaded cogs.serverconfig
[2026-08-16 00:45:12,754] INFO: Loaded cogs.snipe
[2026-08-16 00:45:12,755] INFO: Loaded cogs.userinfo
[2026-08-16 00:45:12,756] INFO: Loaded cogs.uwu
[2026-08-16 00:45:13,671] INFO: Shard ID None has connected to Gateway (Session ID: e2142e00a70593d714395815ba876cbb).
[2026-08-16 00:45:17,595] INFO: running as Meliolin#2512
[2026-08-16 00:45:17,595] INFO: owner_id: 1527319055017578547, owner_ids: set()
[2026-08-16 00:47:34,633] WARNING: PyNaCl is not installed, voice will NOT be supported
[2026-08-16 00:47:34,633] WARNING: davey is not installed, voice will NOT be supported
[2026-08-16 00:47:45,233] WARNING: PyNaCl is not installed, voice will NOT be supported
[2026-08-16 00:47:45,233] WARNING: davey is not installed, voice will NOT be supported
[2026-08-16 00:47:45,233] INFO: logging in using static token
[2026-08-16 00:47:46,735] INFO: Loaded cogs.annoy
[2026-08-16 00:47:46,738] INFO: Loaded cogs.antinuke
[2026-08-16 00:47:46,739] ERROR: Failed to load cogs.autosend — skipping, other cogs will still load
Traceback (most recent call last):
  File "/home/light/Documents/main.exe/[00] WIP/Meliolin/venv/lib/python3.12/site-packages/discord/ext/commands/bot.py", line 974, in _load_from_module_spec
    await setup(self)
  File "/home/light/Documents/main.exe/[00] WIP/Meliolin/cogs/autosend.py", line 74, in setup
    await bot.add_cog(autosend(bot))
  File "/home/light/Documents/main.exe/[00] WIP/Meliolin/venv/lib/python3.12/site-packages/discord/ext/commands/bot.py", line 810, in add_cog
    cog = await cog._inject(self, override=override, guild=guild, guilds=guilds)
          ^^^^^^^^^^^^^^^^^^^^^^^^^^^^^^^^^^^^^^^^^^^^^^^^^^^^^^^^^^^^^^^^^^^^^^
  File "/home/light/Documents/main.exe/[00] WIP/Meliolin/venv/lib/python3.12/site-packages/discord/ext/commands/cog.py", line 729, in _inject
    raise e
  File "/home/light/Documents/main.exe/[00] WIP/Meliolin/venv/lib/python3.12/site-packages/discord/ext/commands/cog.py", line 720, in _inject
    bot.add_command(command)
  File "/home/light/Documents/main.exe/[00] WIP/Meliolin/venv/lib/python3.12/site-packages/discord/ext/commands/bot.py", line 264, in add_command
    super().add_command(command)
  File "/home/light/Documents/main.exe/[00] WIP/Meliolin/venv/lib/python3.12/site-packages/discord/ext/commands/core.py", line 1391, in add_command
    raise CommandRegistrationError(command.name)
discord.ext.commands.errors.CommandRegistrationError: The command annoy is already an existing command or alias.

The above exception was the direct cause of the following exception:

Traceback (most recent call last):
  File "/home/light/Documents/main.exe/[00] WIP/Meliolin/main.py", line 99, in setup_hook
    await self.load_extension(f"cogs.{filename[:-3]}")
  File "/home/light/Documents/main.exe/[00] WIP/Meliolin/venv/lib/python3.12/site-packages/discord/ext/commands/bot.py", line 1040, in load_extension
    await self._load_from_module_spec(spec, name)
  File "/home/light/Documents/main.exe/[00] WIP/Meliolin/venv/lib/python3.12/site-packages/discord/ext/commands/bot.py", line 979, in _load_from_module_spec
    raise errors.ExtensionFailed(key, e) from e
discord.ext.commands.errors.ExtensionFailed: Extension 'cogs.autosend' raised an error: CommandRegistrationError: The command annoy is already an existing command or alias.
[2026-08-16 00:47:46,743] INFO: Loaded cogs.boosterroles
[2026-08-16 00:47:46,745] INFO: Loaded cogs.botperms
[2026-08-16 00:47:46,747] INFO: Loaded cogs.channels
[2026-08-16 00:47:46,749] INFO: Loaded cogs.giveaway
[2026-08-16 00:47:46,749] INFO: Loaded cogs.help
[2026-08-16 00:47:46,749] INFO: Loaded cogs.invites
[2026-08-16 00:47:46,750] INFO: Loaded cogs.latency
[2026-08-16 00:47:46,750] INFO: Loaded cogs.mimic
[2026-08-16 00:47:46,751] INFO: Loaded cogs.moderation
[2026-08-16 00:47:46,752] INFO: Loaded cogs.modlog
[2026-08-16 00:47:46,752] INFO: Loaded cogs.mutes
[2026-08-16 00:47:46,753] INFO: Loaded cogs.nicknames
[2026-08-16 00:47:46,755] INFO: Loaded cogs.owner
[2026-08-16 00:47:46,756] INFO: Loaded cogs.pingrole
[2026-08-16 00:47:46,757] INFO: Loaded cogs.purge
[2026-08-16 00:47:46,759] INFO: Loaded cogs.roles
[2026-08-16 00:47:46,759] INFO: Loaded cogs.serverconfig
[2026-08-16 00:47:46,760] INFO: Loaded cogs.snipe
[2026-08-16 00:47:46,760] INFO: Loaded cogs.userinfo
[2026-08-16 00:47:46,762] INFO: Loaded cogs.uwu
[2026-08-16 00:47:48,366] INFO: Shard ID None has connected to Gateway (Session ID: 5da878e7545d60d176e766c549da170f).
[2026-08-16 00:47:52,011] INFO: running as Meliolin#2512
[2026-08-16 00:47:52,011] INFO: owner_id: 1527319055017578547, owner_ids: set()
[2026-08-16 00:50:52,325] WARNING: PyNaCl is not installed, voice will NOT be supported
[2026-08-16 00:50:52,325] WARNING: davey is not installed, voice will NOT be supported
[2026-08-16 00:51:01,727] WARNING: PyNaCl is not installed, voice will NOT be supported
[2026-08-16 00:51:01,728] WARNING: davey is not installed, voice will NOT be supported
[2026-08-16 00:51:01,728] INFO: logging in using static token
[2026-08-16 00:51:03,232] INFO: Loaded cogs.annoy
[2026-08-16 00:51:03,233] INFO: Loaded cogs.antinuke
[2026-08-16 00:51:03,234] ERROR: Failed to load cogs.autosend — skipping, other cogs will still load
Traceback (most recent call last):
  File "/home/light/Documents/main.exe/[00] WIP/Meliolin/venv/lib/python3.12/site-packages/discord/ext/commands/bot.py", line 974, in _load_from_module_spec
    await setup(self)
  File "/home/light/Documents/main.exe/[00] WIP/Meliolin/cogs/autosend.py", line 74, in setup
    await bot.add_cog(autosend(bot))
  File "/home/light/Documents/main.exe/[00] WIP/Meliolin/venv/lib/python3.12/site-packages/discord/ext/commands/bot.py", line 810, in add_cog
    cog = await cog._inject(self, override=override, guild=guild, guilds=guilds)
          ^^^^^^^^^^^^^^^^^^^^^^^^^^^^^^^^^^^^^^^^^^^^^^^^^^^^^^^^^^^^^^^^^^^^^^
  File "/home/light/Documents/main.exe/[00] WIP/Meliolin/venv/lib/python3.12/site-packages/discord/ext/commands/cog.py", line 729, in _inject
    raise e
  File "/home/light/Documents/main.exe/[00] WIP/Meliolin/venv/lib/python3.12/site-packages/discord/ext/commands/cog.py", line 720, in _inject
    bot.add_command(command)
  File "/home/light/Documents/main.exe/[00] WIP/Meliolin/venv/lib/python3.12/site-packages/discord/ext/commands/bot.py", line 264, in add_command
    super().add_command(command)
  File "/home/light/Documents/main.exe/[00] WIP/Meliolin/venv/lib/python3.12/site-packages/discord/ext/commands/core.py", line 1391, in add_command
    raise CommandRegistrationError(command.name)
discord.ext.commands.errors.CommandRegistrationError: The command annoy is already an existing command or alias.

The above exception was the direct cause of the following exception:

Traceback (most recent call last):
  File "/home/light/Documents/main.exe/[00] WIP/Meliolin/main.py", line 99, in setup_hook
    await self.load_extension(f"cogs.{filename[:-3]}")
  File "/home/light/Documents/main.exe/[00] WIP/Meliolin/venv/lib/python3.12/site-packages/discord/ext/commands/bot.py", line 1040, in load_extension
    await self._load_from_module_spec(spec, name)
  File "/home/light/Documents/main.exe/[00] WIP/Meliolin/venv/lib/python3.12/site-packages/discord/ext/commands/bot.py", line 979, in _load_from_module_spec
    raise errors.ExtensionFailed(key, e) from e
discord.ext.commands.errors.ExtensionFailed: Extension 'cogs.autosend' raised an error: CommandRegistrationError: The command annoy is already an existing command or alias.
[2026-08-16 00:51:03,237] INFO: Loaded cogs.boosterroles
[2026-08-16 00:51:03,239] INFO: Loaded cogs.botperms
[2026-08-16 00:51:03,241] INFO: Loaded cogs.channels
[2026-08-16 00:51:03,243] INFO: Loaded cogs.giveaway
[2026-08-16 00:51:03,243] INFO: Loaded cogs.help
[2026-08-16 00:51:03,243] INFO: Loaded cogs.invites
[2026-08-16 00:51:03,244] INFO: Loaded cogs.latency
[2026-08-16 00:51:03,244] INFO: Loaded cogs.mimic
[2026-08-16 00:51:03,245] INFO: Loaded cogs.moderation
[2026-08-16 00:51:03,246] INFO: Loaded cogs.modlog
[2026-08-16 00:51:03,247] INFO: Loaded cogs.mutes
[2026-08-16 00:51:03,247] INFO: Loaded cogs.nicknames
[2026-08-16 00:51:03,249] INFO: Loaded cogs.owner
[2026-08-16 00:51:03,250] INFO: Loaded cogs.pingrole
[2026-08-16 00:51:03,251] INFO: Loaded cogs.purge
[2026-08-16 00:51:03,253] INFO: Loaded cogs.roles
[2026-08-16 00:51:03,253] INFO: Loaded cogs.serverconfig
[2026-08-16 00:51:03,254] INFO: Loaded cogs.snipe
[2026-08-16 00:51:03,254] INFO: Loaded cogs.userinfo
[2026-08-16 00:51:03,256] INFO: Loaded cogs.uwu
[2026-08-16 00:51:05,277] INFO: Shard ID None has connected to Gateway (Session ID: 1158d7dfac171fb60e987eb51eaf3fe1).
[2026-08-16 00:51:08,994] INFO: running as Meliolin#2512
[2026-08-16 00:51:08,994] INFO: owner_id: 1527319055017578547, owner_ids: set()
[2026-08-16 00:54:39,610] WARNING: PyNaCl is not installed, voice will NOT be supported
[2026-08-16 00:54:39,610] WARNING: davey is not installed, voice will NOT be supported
[2026-08-16 00:54:48,821] WARNING: PyNaCl is not installed, voice will NOT be supported
[2026-08-16 00:54:48,821] WARNING: davey is not installed, voice will NOT be supported
[2026-08-16 00:54:48,821] INFO: logging in using static token
[2026-08-16 00:54:50,249] INFO: Loaded cogs.annoy
[2026-08-16 00:54:50,250] INFO: Loaded cogs.antinuke
[2026-08-16 00:54:50,251] ERROR: Failed to load cogs.autosend — skipping, other cogs will still load
Traceback (most recent call last):
  File "/home/light/Documents/main.exe/[00] WIP/Meliolin/venv/lib/python3.12/site-packages/discord/ext/commands/bot.py", line 974, in _load_from_module_spec
    await setup(self)
  File "/home/light/Documents/main.exe/[00] WIP/Meliolin/cogs/autosend.py", line 74, in setup
    await bot.add_cog(autosend(bot))
  File "/home/light/Documents/main.exe/[00] WIP/Meliolin/venv/lib/python3.12/site-packages/discord/ext/commands/bot.py", line 810, in add_cog
    cog = await cog._inject(self, override=override, guild=guild, guilds=guilds)
          ^^^^^^^^^^^^^^^^^^^^^^^^^^^^^^^^^^^^^^^^^^^^^^^^^^^^^^^^^^^^^^^^^^^^^^
  File "/home/light/Documents/main.exe/[00] WIP/Meliolin/venv/lib/python3.12/site-packages/discord/ext/commands/cog.py", line 729, in _inject
    raise e
  File "/home/light/Documents/main.exe/[00] WIP/Meliolin/venv/lib/python3.12/site-packages/discord/ext/commands/cog.py", line 720, in _inject
    bot.add_command(command)
  File "/home/light/Documents/main.exe/[00] WIP/Meliolin/venv/lib/python3.12/site-packages/discord/ext/commands/bot.py", line 264, in add_command
    super().add_command(command)
  File "/home/light/Documents/main.exe/[00] WIP/Meliolin/venv/lib/python3.12/site-packages/discord/ext/commands/core.py", line 1391, in add_command
    raise CommandRegistrationError(command.name)
discord.ext.commands.errors.CommandRegistrationError: The command annoy is already an existing command or alias.

The above exception was the direct cause of the following exception:

Traceback (most recent call last):
  File "/home/light/Documents/main.exe/[00] WIP/Meliolin/main.py", line 99, in setup_hook
    await self.load_extension(f"cogs.{filename[:-3]}")
  File "/home/light/Documents/main.exe/[00] WIP/Meliolin/venv/lib/python3.12/site-packages/discord/ext/commands/bot.py", line 1040, in load_extension
    await self._load_from_module_spec(spec, name)
  File "/home/light/Documents/main.exe/[00] WIP/Meliolin/venv/lib/python3.12/site-packages/discord/ext/commands/bot.py", line 979, in _load_from_module_spec
    raise errors.ExtensionFailed(key, e) from e
discord.ext.commands.errors.ExtensionFailed: Extension 'cogs.autosend' raised an error: CommandRegistrationError: The command annoy is already an existing command or alias.
[2026-08-16 00:54:50,254] INFO: Loaded cogs.boosterroles
[2026-08-16 00:54:50,255] INFO: Loaded cogs.botperms
[2026-08-16 00:54:50,257] INFO: Loaded cogs.channels
[2026-08-16 00:54:50,259] INFO: Loaded cogs.giveaway
[2026-08-16 00:54:50,260] INFO: Loaded cogs.help
[2026-08-16 00:54:50,260] INFO: Loaded cogs.invites
[2026-08-16 00:54:50,260] INFO: Loaded cogs.latency
[2026-08-16 00:54:50,260] INFO: Loaded cogs.mimic
[2026-08-16 00:54:50,263] INFO: Loaded cogs.moderation
[2026-08-16 00:54:50,263] INFO: Loaded cogs.modlog
[2026-08-16 00:54:50,264] INFO: Loaded cogs.mutes
[2026-08-16 00:54:50,264] INFO: Loaded cogs.nicknames
[2026-08-16 00:54:50,267] INFO: Loaded cogs.owner
[2026-08-16 00:54:50,267] INFO: Loaded cogs.pingrole
[2026-08-16 00:54:50,268] INFO: Loaded cogs.purge
[2026-08-16 00:54:50,270] INFO: Loaded cogs.roles
[2026-08-16 00:54:50,270] INFO: Loaded cogs.serverconfig
[2026-08-16 00:54:50,271] INFO: Loaded cogs.snipe
[2026-08-16 00:54:50,271] INFO: Loaded cogs.userinfo
[2026-08-16 00:54:50,272] INFO: Loaded cogs.uwu
[2026-08-16 00:54:51,373] INFO: Shard ID None has connected to Gateway (Session ID: 2666bc2eff398fa0cb6f24fcc0ce4656).
[2026-08-16 00:54:55,095] INFO: running as Meliolin#2512
[2026-08-16 00:54:55,095] INFO: owner_id: 1527319055017578547, owner_ids: set()
[2026-08-16 01:01:38,638] WARNING: PyNaCl is not installed, voice will NOT be supported
[2026-08-16 01:01:38,638] WARNING: davey is not installed, voice will NOT be supported
[2026-08-16 01:01:47,966] WARNING: PyNaCl is not installed, voice will NOT be supported
[2026-08-16 01:01:47,966] WARNING: davey is not installed, voice will NOT be supported
[2026-08-16 01:01:47,967] INFO: logging in using static token
[2026-08-16 01:01:49,474] INFO: Loaded cogs.annoy
[2026-08-16 01:01:49,474] INFO: Loaded cogs.antinuke
[2026-08-16 01:01:49,475] ERROR: Failed to load cogs.autosend — skipping, other cogs will still load
Traceback (most recent call last):
  File "/home/light/Documents/main.exe/[00] WIP/Meliolin/venv/lib/python3.12/site-packages/discord/ext/commands/bot.py", line 974, in _load_from_module_spec
    await setup(self)
  File "/home/light/Documents/main.exe/[00] WIP/Meliolin/cogs/autosend.py", line 74, in setup
    await bot.add_cog(autosend(bot))
  File "/home/light/Documents/main.exe/[00] WIP/Meliolin/venv/lib/python3.12/site-packages/discord/ext/commands/bot.py", line 810, in add_cog
    cog = await cog._inject(self, override=override, guild=guild, guilds=guilds)
          ^^^^^^^^^^^^^^^^^^^^^^^^^^^^^^^^^^^^^^^^^^^^^^^^^^^^^^^^^^^^^^^^^^^^^^
  File "/home/light/Documents/main.exe/[00] WIP/Meliolin/venv/lib/python3.12/site-packages/discord/ext/commands/cog.py", line 729, in _inject
    raise e
  File "/home/light/Documents/main.exe/[00] WIP/Meliolin/venv/lib/python3.12/site-packages/discord/ext/commands/cog.py", line 720, in _inject
    bot.add_command(command)
  File "/home/light/Documents/main.exe/[00] WIP/Meliolin/venv/lib/python3.12/site-packages/discord/ext/commands/bot.py", line 264, in add_command
    super().add_command(command)
  File "/home/light/Documents/main.exe/[00] WIP/Meliolin/venv/lib/python3.12/site-packages/discord/ext/commands/core.py", line 1391, in add_command
    raise CommandRegistrationError(command.name)
discord.ext.commands.errors.CommandRegistrationError: The command annoy is already an existing command or alias.

The above exception was the direct cause of the following exception:

Traceback (most recent call last):
  File "/home/light/Documents/main.exe/[00] WIP/Meliolin/main.py", line 99, in setup_hook
    await self.load_extension(f"cogs.{filename[:-3]}")
  File "/home/light/Documents/main.exe/[00] WIP/Meliolin/venv/lib/python3.12/site-packages/discord/ext/commands/bot.py", line 1040, in load_extension
    await self._load_from_module_spec(spec, name)
  File "/home/light/Documents/main.exe/[00] WIP/Meliolin/venv/lib/python3.12/site-packages/discord/ext/commands/bot.py", line 979, in _load_from_module_spec
    raise errors.ExtensionFailed(key, e) from e
discord.ext.commands.errors.ExtensionFailed: Extension 'cogs.autosend' raised an error: CommandRegistrationError: The command annoy is already an existing command or alias.
[2026-08-16 01:01:49,478] INFO: Loaded cogs.boosterroles
[2026-08-16 01:01:49,480] INFO: Loaded cogs.botperms
[2026-08-16 01:01:49,482] INFO: Loaded cogs.channels
[2026-08-16 01:01:49,484] INFO: Loaded cogs.giveaway
[2026-08-16 01:01:49,484] INFO: Loaded cogs.help
[2026-08-16 01:01:49,484] INFO: Loaded cogs.invites
[2026-08-16 01:01:49,485] INFO: Loaded cogs.latency
[2026-08-16 01:01:49,485] INFO: Loaded cogs.mimic
[2026-08-16 01:01:49,486] INFO: Loaded cogs.moderation
[2026-08-16 01:01:49,487] INFO: Loaded cogs.modlog
[2026-08-16 01:01:49,487] INFO: Loaded cogs.mutes
[2026-08-16 01:01:49,488] INFO: Loaded cogs.nicknames
[2026-08-16 01:01:49,490] INFO: Loaded cogs.owner
[2026-08-16 01:01:49,491] INFO: Loaded cogs.pingrole
[2026-08-16 01:01:49,491] INFO: Loaded cogs.purge
[2026-08-16 01:01:49,493] INFO: Loaded cogs.roles
[2026-08-16 01:01:49,494] INFO: Loaded cogs.serverconfig
[2026-08-16 01:01:49,494] INFO: Loaded cogs.snipe
[2026-08-16 01:01:49,495] INFO: Loaded cogs.userinfo
[2026-08-16 01:01:49,496] INFO: Loaded cogs.uwu
[2026-08-16 01:01:49,497] INFO: Loaded cogs.wipe
[2026-08-16 01:01:50,507] INFO: Shard ID None has connected to Gateway (Session ID: 1d20ba9eaee71490defe568d14a0fe64).
[2026-08-16 01:01:53,839] INFO: running as Meliolin#2512
[2026-08-16 01:01:53,839] INFO: owner_id: 1527319055017578547, owner_ids: set()
[2026-08-16 01:12:14,823] WARNING: PyNaCl is not installed, voice will NOT be supported
[2026-08-16 01:12:14,824] WARNING: davey is not installed, voice will NOT be supported
[2026-08-16 01:12:24,052] WARNING: PyNaCl is not installed, voice will NOT be supported
[2026-08-16 01:12:24,052] WARNING: davey is not installed, voice will NOT be supported
[2026-08-16 01:12:24,053] INFO: logging in using static token
[2026-08-16 01:12:25,733] INFO: Loaded cogs.annoy
[2026-08-16 01:12:25,733] INFO: Loaded cogs.antinuke
[2026-08-16 01:12:25,734] ERROR: Failed to load cogs.autosend — skipping, other cogs will still load
Traceback (most recent call last):
  File "/home/light/Documents/main.exe/[00] WIP/Meliolin/venv/lib/python3.12/site-packages/discord/ext/commands/bot.py", line 974, in _load_from_module_spec
    await setup(self)
  File "/home/light/Documents/main.exe/[00] WIP/Meliolin/cogs/autosend.py", line 74, in setup
    await bot.add_cog(autosend(bot))
  File "/home/light/Documents/main.exe/[00] WIP/Meliolin/venv/lib/python3.12/site-packages/discord/ext/commands/bot.py", line 810, in add_cog
    cog = await cog._inject(self, override=override, guild=guild, guilds=guilds)
          ^^^^^^^^^^^^^^^^^^^^^^^^^^^^^^^^^^^^^^^^^^^^^^^^^^^^^^^^^^^^^^^^^^^^^^
  File "/home/light/Documents/main.exe/[00] WIP/Meliolin/venv/lib/python3.12/site-packages/discord/ext/commands/cog.py", line 729, in _inject
    raise e
  File "/home/light/Documents/main.exe/[00] WIP/Meliolin/venv/lib/python3.12/site-packages/discord/ext/commands/cog.py", line 720, in _inject
    bot.add_command(command)
  File "/home/light/Documents/main.exe/[00] WIP/Meliolin/venv/lib/python3.12/site-packages/discord/ext/commands/bot.py", line 264, in add_command
    super().add_command(command)
  File "/home/light/Documents/main.exe/[00] WIP/Meliolin/venv/lib/python3.12/site-packages/discord/ext/commands/core.py", line 1391, in add_command
    raise CommandRegistrationError(command.name)
discord.ext.commands.errors.CommandRegistrationError: The command annoy is already an existing command or alias.

The above exception was the direct cause of the following exception:

Traceback (most recent call last):
  File "/home/light/Documents/main.exe/[00] WIP/Meliolin/main.py", line 99, in setup_hook
    await self.load_extension(f"cogs.{filename[:-3]}")
  File "/home/light/Documents/main.exe/[00] WIP/Meliolin/venv/lib/python3.12/site-packages/discord/ext/commands/bot.py", line 1040, in load_extension
    await self._load_from_module_spec(spec, name)
  File "/home/light/Documents/main.exe/[00] WIP/Meliolin/venv/lib/python3.12/site-packages/discord/ext/commands/bot.py", line 979, in _load_from_module_spec
    raise errors.ExtensionFailed(key, e) from e
discord.ext.commands.errors.ExtensionFailed: Extension 'cogs.autosend' raised an error: CommandRegistrationError: The command annoy is already an existing command or alias.
[2026-08-16 01:12:25,738] INFO: Loaded cogs.boosterroles
[2026-08-16 01:12:25,741] INFO: Loaded cogs.botperms
[2026-08-16 01:12:25,745] INFO: Loaded cogs.channels
[2026-08-16 01:12:25,747] INFO: Loaded cogs.giveaway
[2026-08-16 01:12:25,748] INFO: Loaded cogs.help
[2026-08-16 01:12:25,749] INFO: Loaded cogs.invites
[2026-08-16 01:12:25,749] INFO: Loaded cogs.latency
[2026-08-16 01:12:25,750] INFO: Loaded cogs.mimic
[2026-08-16 01:12:25,751] INFO: Loaded cogs.moderation
[2026-08-16 01:12:25,752] INFO: Loaded cogs.modlog
[2026-08-16 01:12:25,753] INFO: Loaded cogs.mutes
[2026-08-16 01:12:25,753] INFO: Loaded cogs.nicknames
[2026-08-16 01:12:25,757] INFO: Loaded cogs.owner
[2026-08-16 01:12:25,757] INFO: Loaded cogs.pingrole
[2026-08-16 01:12:25,759] INFO: Loaded cogs.purge
[2026-08-16 01:12:25,762] INFO: Loaded cogs.roles
[2026-08-16 01:12:25,762] INFO: Loaded cogs.serverconfig
[2026-08-16 01:12:25,763] INFO: Loaded cogs.snipe
[2026-08-16 01:12:25,764] INFO: Loaded cogs.userinfo
[2026-08-16 01:12:25,766] INFO: Loaded cogs.uwu
[2026-08-16 01:12:25,767] INFO: Loaded cogs.wipe
[2026-08-16 01:12:26,798] INFO: Shard ID None has connected to Gateway (Session ID: 953098f02f7f5cc780d1186c5432391b).
[2026-08-16 01:12:30,910] INFO: running as Meliolin#2512
[2026-08-16 01:12:30,911] INFO: owner_id: 1527319055017578547, owner_ids: set()
[2026-08-16 01:14:08,599] WARNING: PyNaCl is not installed, voice will NOT be supported
[2026-08-16 01:14:08,600] WARNING: davey is not installed, voice will NOT be supported
[2026-08-16 01:14:18,011] WARNING: PyNaCl is not installed, voice will NOT be supported
[2026-08-16 01:14:18,011] WARNING: davey is not installed, voice will NOT be supported
[2026-08-16 01:14:18,012] INFO: logging in using static token
[2026-08-16 01:14:19,454] INFO: Loaded cogs.annoy
[2026-08-16 01:14:19,454] INFO: Loaded cogs.antinuke
[2026-08-16 01:14:19,455] ERROR: Failed to load cogs.autosend — skipping, other cogs will still load
Traceback (most recent call last):
  File "/home/light/Documents/main.exe/[00] WIP/Meliolin/venv/lib/python3.12/site-packages/discord/ext/commands/bot.py", line 974, in _load_from_module_spec
    await setup(self)
  File "/home/light/Documents/main.exe/[00] WIP/Meliolin/cogs/autosend.py", line 74, in setup
    await bot.add_cog(autosend(bot))
  File "/home/light/Documents/main.exe/[00] WIP/Meliolin/venv/lib/python3.12/site-packages/discord/ext/commands/bot.py", line 810, in add_cog
    cog = await cog._inject(self, override=override, guild=guild, guilds=guilds)
          ^^^^^^^^^^^^^^^^^^^^^^^^^^^^^^^^^^^^^^^^^^^^^^^^^^^^^^^^^^^^^^^^^^^^^^
  File "/home/light/Documents/main.exe/[00] WIP/Meliolin/venv/lib/python3.12/site-packages/discord/ext/commands/cog.py", line 729, in _inject
    raise e
  File "/home/light/Documents/main.exe/[00] WIP/Meliolin/venv/lib/python3.12/site-packages/discord/ext/commands/cog.py", line 720, in _inject
    bot.add_command(command)
  File "/home/light/Documents/main.exe/[00] WIP/Meliolin/venv/lib/python3.12/site-packages/discord/ext/commands/bot.py", line 264, in add_command
    super().add_command(command)
  File "/home/light/Documents/main.exe/[00] WIP/Meliolin/venv/lib/python3.12/site-packages/discord/ext/commands/core.py", line 1391, in add_command
    raise CommandRegistrationError(command.name)
discord.ext.commands.errors.CommandRegistrationError: The command annoy is already an existing command or alias.

The above exception was the direct cause of the following exception:

Traceback (most recent call last):
  File "/home/light/Documents/main.exe/[00] WIP/Meliolin/main.py", line 99, in setup_hook
    await self.load_extension(f"cogs.{filename[:-3]}")
  File "/home/light/Documents/main.exe/[00] WIP/Meliolin/venv/lib/python3.12/site-packages/discord/ext/commands/bot.py", line 1040, in load_extension
    await self._load_from_module_spec(spec, name)
  File "/home/light/Documents/main.exe/[00] WIP/Meliolin/venv/lib/python3.12/site-packages/discord/ext/commands/bot.py", line 979, in _load_from_module_spec
    raise errors.ExtensionFailed(key, e) from e
discord.ext.commands.errors.ExtensionFailed: Extension 'cogs.autosend' raised an error: CommandRegistrationError: The command annoy is already an existing command or alias.
[2026-08-16 01:14:19,457] INFO: Loaded cogs.boosterroles
[2026-08-16 01:14:19,459] INFO: Loaded cogs.botperms
[2026-08-16 01:14:19,461] INFO: Loaded cogs.channels
[2026-08-16 01:14:19,463] INFO: Loaded cogs.giveaway
[2026-08-16 01:14:19,463] INFO: Loaded cogs.help
[2026-08-16 01:14:19,464] INFO: Loaded cogs.invites
[2026-08-16 01:14:19,464] INFO: Loaded cogs.latency
[2026-08-16 01:14:19,464] INFO: Loaded cogs.mimic
[2026-08-16 01:14:19,466] INFO: Loaded cogs.moderation
[2026-08-16 01:14:19,466] INFO: Loaded cogs.modlog
[2026-08-16 01:14:19,467] INFO: Loaded cogs.mutes
[2026-08-16 01:14:19,467] INFO: Loaded cogs.nicknames
[2026-08-16 01:14:19,470] INFO: Loaded cogs.owner
[2026-08-16 01:14:19,470] INFO: Loaded cogs.pingrole
[2026-08-16 01:14:19,471] INFO: Loaded cogs.purge
[2026-08-16 01:14:19,473] INFO: Loaded cogs.roles
[2026-08-16 01:14:19,473] INFO: Loaded cogs.serverconfig
[2026-08-16 01:14:19,474] INFO: Loaded cogs.snipe
[2026-08-16 01:14:19,474] INFO: Loaded cogs.userinfo
[2026-08-16 01:14:19,475] INFO: Loaded cogs.uwu
[2026-08-16 01:14:19,476] INFO: Loaded cogs.wipe
[2026-08-16 01:14:20,473] INFO: Shard ID None has connected to Gateway (Session ID: c54d248fbd7e667828b2bed33a45720a).
[2026-08-16 01:14:24,316] INFO: running as Meliolin#2512
[2026-08-16 01:14:24,316] INFO: owner_id: 1527319055017578547, owner_ids: set()
[2026-08-16 01:20:56,768] WARNING: PyNaCl is not installed, voice will NOT be supported
[2026-08-16 01:20:56,768] WARNING: davey is not installed, voice will NOT be supported
[2026-08-16 01:21:06,931] WARNING: PyNaCl is not installed, voice will NOT be supported
[2026-08-16 01:21:06,931] WARNING: davey is not installed, voice will NOT be supported
[2026-08-16 01:21:06,932] INFO: logging in using static token
[2026-08-16 01:21:08,550] INFO: Loaded cogs.annoy
[2026-08-16 01:21:08,551] INFO: Loaded cogs.antinuke
[2026-08-16 01:21:08,552] ERROR: Failed to load cogs.autosend — skipping, other cogs will still load
Traceback (most recent call last):
  File "/home/light/Documents/main.exe/[00] WIP/Meliolin/venv/lib/python3.12/site-packages/discord/ext/commands/bot.py", line 974, in _load_from_module_spec
    await setup(self)
  File "/home/light/Documents/main.exe/[00] WIP/Meliolin/cogs/autosend.py", line 74, in setup
    await bot.add_cog(autosend(bot))
  File "/home/light/Documents/main.exe/[00] WIP/Meliolin/venv/lib/python3.12/site-packages/discord/ext/commands/bot.py", line 810, in add_cog
    cog = await cog._inject(self, override=override, guild=guild, guilds=guilds)
          ^^^^^^^^^^^^^^^^^^^^^^^^^^^^^^^^^^^^^^^^^^^^^^^^^^^^^^^^^^^^^^^^^^^^^^
  File "/home/light/Documents/main.exe/[00] WIP/Meliolin/venv/lib/python3.12/site-packages/discord/ext/commands/cog.py", line 729, in _inject
    raise e
  File "/home/light/Documents/main.exe/[00] WIP/Meliolin/venv/lib/python3.12/site-packages/discord/ext/commands/cog.py", line 720, in _inject
    bot.add_command(command)
  File "/home/light/Documents/main.exe/[00] WIP/Meliolin/venv/lib/python3.12/site-packages/discord/ext/commands/bot.py", line 264, in add_command
    super().add_command(command)
  File "/home/light/Documents/main.exe/[00] WIP/Meliolin/venv/lib/python3.12/site-packages/discord/ext/commands/core.py", line 1391, in add_command
    raise CommandRegistrationError(command.name)
discord.ext.commands.errors.CommandRegistrationError: The command annoy is already an existing command or alias.

The above exception was the direct cause of the following exception:

Traceback (most recent call last):
  File "/home/light/Documents/main.exe/[00] WIP/Meliolin/main.py", line 99, in setup_hook
    await self.load_extension(f"cogs.{filename[:-3]}")
  File "/home/light/Documents/main.exe/[00] WIP/Meliolin/venv/lib/python3.12/site-packages/discord/ext/commands/bot.py", line 1040, in load_extension
    await self._load_from_module_spec(spec, name)
  File "/home/light/Documents/main.exe/[00] WIP/Meliolin/venv/lib/python3.12/site-packages/discord/ext/commands/bot.py", line 979, in _load_from_module_spec
    raise errors.ExtensionFailed(key, e) from e
discord.ext.commands.errors.ExtensionFailed: Extension 'cogs.autosend' raised an error: CommandRegistrationError: The command annoy is already an existing command or alias.
[2026-08-16 01:21:08,555] INFO: Loaded cogs.boosterroles
[2026-08-16 01:21:08,557] INFO: Loaded cogs.botperms
[2026-08-16 01:21:08,559] INFO: Loaded cogs.channels
[2026-08-16 01:21:08,561] INFO: Loaded cogs.giveaway
[2026-08-16 01:21:08,562] INFO: Loaded cogs.help
[2026-08-16 01:21:08,562] INFO: Loaded cogs.invites
[2026-08-16 01:21:08,562] INFO: Loaded cogs.latency
[2026-08-16 01:21:08,563] INFO: Loaded cogs.mimic
[2026-08-16 01:21:08,564] INFO: Loaded cogs.moderation
[2026-08-16 01:21:08,565] INFO: Loaded cogs.modlog
[2026-08-16 01:21:08,566] INFO: Loaded cogs.mutes
[2026-08-16 01:21:08,566] INFO: Loaded cogs.nicknames
[2026-08-16 01:21:08,569] INFO: Loaded cogs.owner
[2026-08-16 01:21:08,569] INFO: Loaded cogs.pingrole
[2026-08-16 01:21:08,570] INFO: Loaded cogs.purge
[2026-08-16 01:21:08,572] INFO: Loaded cogs.roles
[2026-08-16 01:21:08,572] INFO: Loaded cogs.serverconfig
[2026-08-16 01:21:08,573] INFO: Loaded cogs.snipe
[2026-08-16 01:21:08,573] INFO: Loaded cogs.userinfo
[2026-08-16 01:21:08,575] INFO: Loaded cogs.uwu
[2026-08-16 01:21:08,576] INFO: Loaded cogs.wipe
[2026-08-16 01:21:09,792] INFO: Shard ID None has connected to Gateway (Session ID: a73f2e4ace3b4c6378e631e7f1caa216).
[2026-08-16 01:21:13,604] INFO: running as Meliolin#2512
[2026-08-16 01:21:13,604] INFO: owner_id: 1527319055017578547, owner_ids: set()
[2026-08-16 01:25:38,688] WARNING: PyNaCl is not installed, voice will NOT be supported
[2026-08-16 01:25:38,688] WARNING: davey is not installed, voice will NOT be supported
[2026-08-16 01:25:48,694] WARNING: PyNaCl is not installed, voice will NOT be supported
[2026-08-16 01:25:48,694] WARNING: davey is not installed, voice will NOT be supported
[2026-08-16 01:25:48,694] INFO: logging in using static token
[2026-08-16 01:25:50,365] INFO: Loaded cogs.annoy
[2026-08-16 01:25:50,365] INFO: Loaded cogs.antinuke
[2026-08-16 01:25:50,366] ERROR: Failed to load cogs.autosend — skipping, other cogs will still load
Traceback (most recent call last):
  File "/home/light/Documents/main.exe/[00] WIP/Meliolin/venv/lib/python3.12/site-packages/discord/ext/commands/bot.py", line 974, in _load_from_module_spec
    await setup(self)
  File "/home/light/Documents/main.exe/[00] WIP/Meliolin/cogs/autosend.py", line 74, in setup
    await bot.add_cog(autosend(bot))
  File "/home/light/Documents/main.exe/[00] WIP/Meliolin/venv/lib/python3.12/site-packages/discord/ext/commands/bot.py", line 810, in add_cog
    cog = await cog._inject(self, override=override, guild=guild, guilds=guilds)
          ^^^^^^^^^^^^^^^^^^^^^^^^^^^^^^^^^^^^^^^^^^^^^^^^^^^^^^^^^^^^^^^^^^^^^^
  File "/home/light/Documents/main.exe/[00] WIP/Meliolin/venv/lib/python3.12/site-packages/discord/ext/commands/cog.py", line 729, in _inject
    raise e
  File "/home/light/Documents/main.exe/[00] WIP/Meliolin/venv/lib/python3.12/site-packages/discord/ext/commands/cog.py", line 720, in _inject
    bot.add_command(command)
  File "/home/light/Documents/main.exe/[00] WIP/Meliolin/venv/lib/python3.12/site-packages/discord/ext/commands/bot.py", line 264, in add_command
    super().add_command(command)
  File "/home/light/Documents/main.exe/[00] WIP/Meliolin/venv/lib/python3.12/site-packages/discord/ext/commands/core.py", line 1391, in add_command
    raise CommandRegistrationError(command.name)
discord.ext.commands.errors.CommandRegistrationError: The command annoy is already an existing command or alias.

The above exception was the direct cause of the following exception:

Traceback (most recent call last):
  File "/home/light/Documents/main.exe/[00] WIP/Meliolin/main.py", line 99, in setup_hook
    await self.load_extension(f"cogs.{filename[:-3]}")
  File "/home/light/Documents/main.exe/[00] WIP/Meliolin/venv/lib/python3.12/site-packages/discord/ext/commands/bot.py", line 1040, in load_extension
    await self._load_from_module_spec(spec, name)
  File "/home/light/Documents/main.exe/[00] WIP/Meliolin/venv/lib/python3.12/site-packages/discord/ext/commands/bot.py", line 979, in _load_from_module_spec
    raise errors.ExtensionFailed(key, e) from e
discord.ext.commands.errors.ExtensionFailed: Extension 'cogs.autosend' raised an error: CommandRegistrationError: The command annoy is already an existing command or alias.
[2026-08-16 01:25:50,369] INFO: Loaded cogs.boosterroles
[2026-08-16 01:25:50,371] INFO: Loaded cogs.botperms
[2026-08-16 01:25:50,373] INFO: Loaded cogs.channels
[2026-08-16 01:25:50,374] INFO: Loaded cogs.giveaway
[2026-08-16 01:25:50,375] INFO: Loaded cogs.help
[2026-08-16 01:25:50,375] INFO: Loaded cogs.invites
[2026-08-16 01:25:50,375] INFO: Loaded cogs.latency
[2026-08-16 01:25:50,376] INFO: Loaded cogs.mimic
[2026-08-16 01:25:50,377] INFO: Loaded cogs.moderation
[2026-08-16 01:25:50,378] INFO: Loaded cogs.modlog
[2026-08-16 01:25:50,379] INFO: Loaded cogs.mutes
[2026-08-16 01:25:50,379] INFO: Loaded cogs.nicknames
[2026-08-16 01:25:50,381] INFO: Loaded cogs.owner
[2026-08-16 01:25:50,382] INFO: Loaded cogs.pingrole
[2026-08-16 01:25:50,382] INFO: Loaded cogs.purge
[2026-08-16 01:25:50,385] INFO: Loaded cogs.roles
[2026-08-16 01:25:50,385] INFO: Loaded cogs.serverconfig
[2026-08-16 01:25:50,386] INFO: Loaded cogs.snipe
[2026-08-16 01:25:50,386] INFO: Loaded cogs.userinfo
[2026-08-16 01:25:50,388] INFO: Loaded cogs.uwu
[2026-08-16 01:25:50,388] INFO: Loaded cogs.wipe
[2026-08-16 01:25:51,694] INFO: Shard ID None has connected to Gateway (Session ID: e0987ebb9cebe209f138d1ad513b635b).
[2026-08-16 01:25:55,776] INFO: running as Meliolin#2512
[2026-08-16 01:25:55,776] INFO: owner_id: 1527319055017578547, owner_ids: set()
[2026-08-16 01:26:41,881] WARNING: PyNaCl is not installed, voice will NOT be supported
[2026-08-16 01:26:41,882] WARNING: davey is not installed, voice will NOT be supported
[2026-08-16 01:26:51,858] WARNING: PyNaCl is not installed, voice will NOT be supported
[2026-08-16 01:26:51,859] WARNING: davey is not installed, voice will NOT be supported
[2026-08-16 01:26:51,859] INFO: logging in using static token
[2026-08-16 01:26:53,242] INFO: Loaded cogs.annoy
[2026-08-16 01:26:53,242] INFO: Loaded cogs.antinuke
[2026-08-16 01:26:53,243] ERROR: Failed to load cogs.autosend — skipping, other cogs will still load
Traceback (most recent call last):
  File "/home/light/Documents/main.exe/[00] WIP/Meliolin/venv/lib/python3.12/site-packages/discord/ext/commands/bot.py", line 974, in _load_from_module_spec
    await setup(self)
  File "/home/light/Documents/main.exe/[00] WIP/Meliolin/cogs/autosend.py", line 74, in setup
    await bot.add_cog(autosend(bot))
  File "/home/light/Documents/main.exe/[00] WIP/Meliolin/venv/lib/python3.12/site-packages/discord/ext/commands/bot.py", line 810, in add_cog
    cog = await cog._inject(self, override=override, guild=guild, guilds=guilds)
          ^^^^^^^^^^^^^^^^^^^^^^^^^^^^^^^^^^^^^^^^^^^^^^^^^^^^^^^^^^^^^^^^^^^^^^
  File "/home/light/Documents/main.exe/[00] WIP/Meliolin/venv/lib/python3.12/site-packages/discord/ext/commands/cog.py", line 729, in _inject
    raise e
  File "/home/light/Documents/main.exe/[00] WIP/Meliolin/venv/lib/python3.12/site-packages/discord/ext/commands/cog.py", line 720, in _inject
    bot.add_command(command)
  File "/home/light/Documents/main.exe/[00] WIP/Meliolin/venv/lib/python3.12/site-packages/discord/ext/commands/bot.py", line 264, in add_command
    super().add_command(command)
  File "/home/light/Documents/main.exe/[00] WIP/Meliolin/venv/lib/python3.12/site-packages/discord/ext/commands/core.py", line 1391, in add_command
    raise CommandRegistrationError(command.name)
discord.ext.commands.errors.CommandRegistrationError: The command annoy is already an existing command or alias.

The above exception was the direct cause of the following exception:

Traceback (most recent call last):
  File "/home/light/Documents/main.exe/[00] WIP/Meliolin/main.py", line 99, in setup_hook
    await self.load_extension(f"cogs.{filename[:-3]}")
  File "/home/light/Documents/main.exe/[00] WIP/Meliolin/venv/lib/python3.12/site-packages/discord/ext/commands/bot.py", line 1040, in load_extension
    await self._load_from_module_spec(spec, name)
  File "/home/light/Documents/main.exe/[00] WIP/Meliolin/venv/lib/python3.12/site-packages/discord/ext/commands/bot.py", line 979, in _load_from_module_spec
    raise errors.ExtensionFailed(key, e) from e
discord.ext.commands.errors.ExtensionFailed: Extension 'cogs.autosend' raised an error: CommandRegistrationError: The command annoy is already an existing command or alias.
[2026-08-16 01:26:53,246] INFO: Loaded cogs.boosterroles
[2026-08-16 01:26:53,248] INFO: Loaded cogs.botperms
[2026-08-16 01:26:53,250] INFO: Loaded cogs.channels
[2026-08-16 01:26:53,251] INFO: Loaded cogs.giveaway
[2026-08-16 01:26:53,252] INFO: Loaded cogs.help
[2026-08-16 01:26:53,252] INFO: Loaded cogs.invites
[2026-08-16 01:26:53,252] INFO: Loaded cogs.latency
[2026-08-16 01:26:53,252] INFO: Loaded cogs.mimic
[2026-08-16 01:26:53,254] INFO: Loaded cogs.moderation
[2026-08-16 01:26:53,254] INFO: Loaded cogs.modlog
[2026-08-16 01:26:53,255] INFO: Loaded cogs.mutes
[2026-08-16 01:26:53,256] INFO: Loaded cogs.nicknames
[2026-08-16 01:26:53,258] INFO: Loaded cogs.owner
[2026-08-16 01:26:53,258] INFO: Loaded cogs.pingrole
[2026-08-16 01:26:53,259] INFO: Loaded cogs.purge
[2026-08-16 01:26:53,261] INFO: Loaded cogs.roles
[2026-08-16 01:26:53,261] INFO: Loaded cogs.serverconfig
[2026-08-16 01:26:53,262] INFO: Loaded cogs.snipe
[2026-08-16 01:26:53,262] INFO: Loaded cogs.userinfo
[2026-08-16 01:26:53,263] INFO: Loaded cogs.uwu
[2026-08-16 01:26:53,264] INFO: Loaded cogs.wipe
[2026-08-16 01:26:54,467] INFO: Shard ID None has connected to Gateway (Session ID: 570a36de6fa4879da413245bb1ca8680).
[2026-08-16 01:26:58,090] INFO: running as Meliolin#2512
[2026-08-16 01:26:58,090] INFO: owner_id: 1527319055017578547, owner_ids: set()
[2026-08-16 01:38:46,033] WARNING: PyNaCl is not installed, voice will NOT be supported
[2026-08-16 01:38:46,034] WARNING: davey is not installed, voice will NOT be supported
[2026-08-16 01:38:57,053] WARNING: PyNaCl is not installed, voice will NOT be supported
[2026-08-16 01:38:57,053] WARNING: davey is not installed, voice will NOT be supported
[2026-08-16 01:38:57,053] INFO: logging in using static token
[2026-08-16 01:38:58,511] INFO: Loaded cogs.annoy
[2026-08-16 01:38:58,511] INFO: Loaded cogs.antinuke
[2026-08-16 01:38:58,512] ERROR: Failed to load cogs.autosend — skipping, other cogs will still load
Traceback (most recent call last):
  File "/home/light/Documents/main.exe/[00] WIP/Meliolin/venv/lib/python3.12/site-packages/discord/ext/commands/bot.py", line 974, in _load_from_module_spec
    await setup(self)
  File "/home/light/Documents/main.exe/[00] WIP/Meliolin/cogs/autosend.py", line 74, in setup
    await bot.add_cog(autosend(bot))
  File "/home/light/Documents/main.exe/[00] WIP/Meliolin/venv/lib/python3.12/site-packages/discord/ext/commands/bot.py", line 810, in add_cog
    cog = await cog._inject(self, override=override, guild=guild, guilds=guilds)
          ^^^^^^^^^^^^^^^^^^^^^^^^^^^^^^^^^^^^^^^^^^^^^^^^^^^^^^^^^^^^^^^^^^^^^^
  File "/home/light/Documents/main.exe/[00] WIP/Meliolin/venv/lib/python3.12/site-packages/discord/ext/commands/cog.py", line 729, in _inject
    raise e
  File "/home/light/Documents/main.exe/[00] WIP/Meliolin/venv/lib/python3.12/site-packages/discord/ext/commands/cog.py", line 720, in _inject
    bot.add_command(command)
  File "/home/light/Documents/main.exe/[00] WIP/Meliolin/venv/lib/python3.12/site-packages/discord/ext/commands/bot.py", line 264, in add_command
    super().add_command(command)
  File "/home/light/Documents/main.exe/[00] WIP/Meliolin/venv/lib/python3.12/site-packages/discord/ext/commands/core.py", line 1391, in add_command
    raise CommandRegistrationError(command.name)
discord.ext.commands.errors.CommandRegistrationError: The command annoy is already an existing command or alias.

The above exception was the direct cause of the following exception:

Traceback (most recent call last):
  File "/home/light/Documents/main.exe/[00] WIP/Meliolin/main.py", line 99, in setup_hook
    await self.load_extension(f"cogs.{filename[:-3]}")
  File "/home/light/Documents/main.exe/[00] WIP/Meliolin/venv/lib/python3.12/site-packages/discord/ext/commands/bot.py", line 1040, in load_extension
    await self._load_from_module_spec(spec, name)
  File "/home/light/Documents/main.exe/[00] WIP/Meliolin/venv/lib/python3.12/site-packages/discord/ext/commands/bot.py", line 979, in _load_from_module_spec
    raise errors.ExtensionFailed(key, e) from e
discord.ext.commands.errors.ExtensionFailed: Extension 'cogs.autosend' raised an error: CommandRegistrationError: The command annoy is already an existing command or alias.
[2026-08-16 01:38:58,516] INFO: Loaded cogs.boosterroles
[2026-08-16 01:38:58,518] INFO: Loaded cogs.botperms
[2026-08-16 01:38:58,520] INFO: Loaded cogs.channels
[2026-08-16 01:38:58,522] INFO: Loaded cogs.giveaway
[2026-08-16 01:38:58,523] INFO: Loaded cogs.help
[2026-08-16 01:38:58,523] INFO: Loaded cogs.invites
[2026-08-16 01:38:58,523] INFO: Loaded cogs.latency
[2026-08-16 01:38:58,523] INFO: Loaded cogs.mimic
[2026-08-16 01:38:58,525] INFO: Loaded cogs.moderation
[2026-08-16 01:38:58,525] INFO: Loaded cogs.modlog
[2026-08-16 01:38:58,526] INFO: Loaded cogs.mutes
[2026-08-16 01:38:58,527] INFO: Loaded cogs.nicknames
[2026-08-16 01:38:58,529] INFO: Loaded cogs.owner
[2026-08-16 01:38:58,529] INFO: Loaded cogs.pingrole
[2026-08-16 01:38:58,530] INFO: Loaded cogs.purge
[2026-08-16 01:38:58,532] INFO: Loaded cogs.roles
[2026-08-16 01:38:58,532] INFO: Loaded cogs.serverconfig
[2026-08-16 01:38:58,533] INFO: Loaded cogs.snipe
[2026-08-16 01:38:58,533] INFO: Loaded cogs.userinfo
[2026-08-16 01:38:58,535] INFO: Loaded cogs.uwu
[2026-08-16 01:38:58,536] INFO: Loaded cogs.wipe
[2026-08-16 01:38:59,484] INFO: Shard ID None has connected to Gateway (Session ID: 0751d142b026fd0a0777e42be4eec636).
[2026-08-16 01:39:03,205] INFO: running as Meliolin#2512
[2026-08-16 01:39:03,205] INFO: owner_id: 1527319055017578547, owner_ids: set()
[2026-08-16 01:45:26,369] WARNING: PyNaCl is not installed, voice will NOT be supported
[2026-08-16 01:45:26,369] WARNING: davey is not installed, voice will NOT be supported
[2026-08-16 01:45:36,005] WARNING: PyNaCl is not installed, voice will NOT be supported
[2026-08-16 01:45:36,005] WARNING: davey is not installed, voice will NOT be supported
[2026-08-16 01:45:36,005] INFO: logging in using static token
[2026-08-16 01:45:37,582] INFO: Loaded cogs.annoy
[2026-08-16 01:45:37,583] INFO: Loaded cogs.antinuke
[2026-08-16 01:45:37,583] ERROR: Failed to load cogs.autosend — skipping, other cogs will still load
Traceback (most recent call last):
  File "/home/light/Documents/main.exe/[00] WIP/Meliolin/venv/lib/python3.12/site-packages/discord/ext/commands/bot.py", line 974, in _load_from_module_spec
    await setup(self)
  File "/home/light/Documents/main.exe/[00] WIP/Meliolin/cogs/autosend.py", line 74, in setup
    await bot.add_cog(autosend(bot))
  File "/home/light/Documents/main.exe/[00] WIP/Meliolin/venv/lib/python3.12/site-packages/discord/ext/commands/bot.py", line 810, in add_cog
    cog = await cog._inject(self, override=override, guild=guild, guilds=guilds)
          ^^^^^^^^^^^^^^^^^^^^^^^^^^^^^^^^^^^^^^^^^^^^^^^^^^^^^^^^^^^^^^^^^^^^^^
  File "/home/light/Documents/main.exe/[00] WIP/Meliolin/venv/lib/python3.12/site-packages/discord/ext/commands/cog.py", line 729, in _inject
    raise e
  File "/home/light/Documents/main.exe/[00] WIP/Meliolin/venv/lib/python3.12/site-packages/discord/ext/commands/cog.py", line 720, in _inject
    bot.add_command(command)
  File "/home/light/Documents/main.exe/[00] WIP/Meliolin/venv/lib/python3.12/site-packages/discord/ext/commands/bot.py", line 264, in add_command
    super().add_command(command)
  File "/home/light/Documents/main.exe/[00] WIP/Meliolin/venv/lib/python3.12/site-packages/discord/ext/commands/core.py", line 1391, in add_command
    raise CommandRegistrationError(command.name)
discord.ext.commands.errors.CommandRegistrationError: The command annoy is already an existing command or alias.

The above exception was the direct cause of the following exception:

Traceback (most recent call last):
  File "/home/light/Documents/main.exe/[00] WIP/Meliolin/main.py", line 99, in setup_hook
    await self.load_extension(f"cogs.{filename[:-3]}")
  File "/home/light/Documents/main.exe/[00] WIP/Meliolin/venv/lib/python3.12/site-packages/discord/ext/commands/bot.py", line 1040, in load_extension
    await self._load_from_module_spec(spec, name)
  File "/home/light/Documents/main.exe/[00] WIP/Meliolin/venv/lib/python3.12/site-packages/discord/ext/commands/bot.py", line 979, in _load_from_module_spec
    raise errors.ExtensionFailed(key, e) from e
discord.ext.commands.errors.ExtensionFailed: Extension 'cogs.autosend' raised an error: CommandRegistrationError: The command annoy is already an existing command or alias.
[2026-08-16 01:45:37,586] INFO: Loaded cogs.boosterroles
[2026-08-16 01:45:37,587] INFO: Loaded cogs.botperms
[2026-08-16 01:45:37,590] INFO: Loaded cogs.channels
[2026-08-16 01:45:37,591] INFO: Loaded cogs.giveaway
[2026-08-16 01:45:37,592] INFO: Loaded cogs.help
[2026-08-16 01:45:37,592] INFO: Loaded cogs.invites
[2026-08-16 01:45:37,592] INFO: Loaded cogs.latency
[2026-08-16 01:45:37,593] INFO: Loaded cogs.mimic
[2026-08-16 01:45:37,594] INFO: Loaded cogs.moderation
[2026-08-16 01:45:37,595] INFO: Loaded cogs.modlog
[2026-08-16 01:45:37,596] INFO: Loaded cogs.mutes
[2026-08-16 01:45:37,596] INFO: Loaded cogs.nicknames
[2026-08-16 01:45:37,599] INFO: Loaded cogs.owner
[2026-08-16 01:45:37,599] INFO: Loaded cogs.pingrole
[2026-08-16 01:45:37,600] INFO: Loaded cogs.purge
[2026-08-16 01:45:37,602] INFO: Loaded cogs.roles
[2026-08-16 01:45:37,602] INFO: Loaded cogs.serverconfig
[2026-08-16 01:45:37,603] INFO: Loaded cogs.snipe
[2026-08-16 01:45:37,603] INFO: Loaded cogs.userinfo
[2026-08-16 01:45:37,605] INFO: Loaded cogs.uwu
[2026-08-16 01:45:37,606] INFO: Loaded cogs.wipe
[2026-08-16 01:45:38,646] INFO: Shard ID None has connected to Gateway (Session ID: 6e3664e846aed1142531ebffc94f888a).
[2026-08-16 01:45:42,394] INFO: running as Meliolin#2512
[2026-08-16 01:45:42,394] INFO: owner_id: 1527319055017578547, owner_ids: set()
[2026-08-16 01:45:42,394] INFO: on_ready vanish branch: channel_id=1534276962443329680, vanish_blank=True
[2026-08-16 01:45:43,347] INFO: on_ready vanish webhook send succeeded
[2026-08-16 10:39:04,752] WARNING: PyNaCl is not installed, voice will NOT be supported
[2026-08-16 10:39:04,753] WARNING: davey is not installed, voice will NOT be supported
[2026-08-16 10:39:04,753] INFO: logging in using static token
[2026-08-16 10:39:06,589] INFO: Loaded cogs.annoy
[2026-08-16 10:39:06,590] INFO: Loaded cogs.antinuke
[2026-08-16 10:39:06,592] ERROR: Failed to load cogs.autosend — skipping, other cogs will still load
Traceback (most recent call last):
  File "/home/light/Documents/main.exe/[00] WIP/Meliolin/venv/lib/python3.12/site-packages/discord/ext/commands/bot.py", line 974, in _load_from_module_spec
    await setup(self)
  File "/home/light/Documents/main.exe/[00] WIP/Meliolin/cogs/autosend.py", line 74, in setup
    await bot.add_cog(autosend(bot))
  File "/home/light/Documents/main.exe/[00] WIP/Meliolin/venv/lib/python3.12/site-packages/discord/ext/commands/bot.py", line 810, in add_cog
    cog = await cog._inject(self, override=override, guild=guild, guilds=guilds)
          ^^^^^^^^^^^^^^^^^^^^^^^^^^^^^^^^^^^^^^^^^^^^^^^^^^^^^^^^^^^^^^^^^^^^^^
  File "/home/light/Documents/main.exe/[00] WIP/Meliolin/venv/lib/python3.12/site-packages/discord/ext/commands/cog.py", line 729, in _inject
    raise e
  File "/home/light/Documents/main.exe/[00] WIP/Meliolin/venv/lib/python3.12/site-packages/discord/ext/commands/cog.py", line 720, in _inject
    bot.add_command(command)
  File "/home/light/Documents/main.exe/[00] WIP/Meliolin/venv/lib/python3.12/site-packages/discord/ext/commands/bot.py", line 264, in add_command
    super().add_command(command)
  File "/home/light/Documents/main.exe/[00] WIP/Meliolin/venv/lib/python3.12/site-packages/discord/ext/commands/core.py", line 1391, in add_command
    raise CommandRegistrationError(command.name)
discord.ext.commands.errors.CommandRegistrationError: The command annoy is already an existing command or alias.

The above exception was the direct cause of the following exception:

Traceback (most recent call last):
  File "/home/light/Documents/main.exe/[00] WIP/Meliolin/main.py", line 99, in setup_hook
    await self.load_extension(f"cogs.{filename[:-3]}")
  File "/home/light/Documents/main.exe/[00] WIP/Meliolin/venv/lib/python3.12/site-packages/discord/ext/commands/bot.py", line 1040, in load_extension
    await self._load_from_module_spec(spec, name)
  File "/home/light/Documents/main.exe/[00] WIP/Meliolin/venv/lib/python3.12/site-packages/discord/ext/commands/bot.py", line 979, in _load_from_module_spec
    raise errors.ExtensionFailed(key, e) from e
discord.ext.commands.errors.ExtensionFailed: Extension 'cogs.autosend' raised an error: CommandRegistrationError: The command annoy is already an existing command or alias.
[2026-08-16 10:39:06,596] INFO: Loaded cogs.boosterroles
[2026-08-16 10:39:06,599] INFO: Loaded cogs.botperms
[2026-08-16 10:39:06,601] INFO: Loaded cogs.channels
[2026-08-16 10:39:06,603] INFO: Loaded cogs.giveaway
[2026-08-16 10:39:06,604] INFO: Loaded cogs.help
[2026-08-16 10:39:06,605] INFO: Loaded cogs.invites
[2026-08-16 10:39:06,605] INFO: Loaded cogs.latency
[2026-08-16 10:39:06,606] INFO: Loaded cogs.mimic
[2026-08-16 10:39:06,608] INFO: Loaded cogs.moderation
[2026-08-16 10:39:06,609] INFO: Loaded cogs.modlog
[2026-08-16 10:39:06,610] INFO: Loaded cogs.mutes
[2026-08-16 10:39:06,611] INFO: Loaded cogs.nicknames
[2026-08-16 10:39:06,614] INFO: Loaded cogs.owner
[2026-08-16 10:39:06,615] INFO: Loaded cogs.pingrole
[2026-08-16 10:39:06,616] INFO: Loaded cogs.purge
[2026-08-16 10:39:06,618] INFO: Loaded cogs.roles
[2026-08-16 10:39:06,619] INFO: Loaded cogs.serverconfig
[2026-08-16 10:39:06,619] INFO: Loaded cogs.snipe
[2026-08-16 10:39:06,620] INFO: Loaded cogs.userinfo
[2026-08-16 10:39:06,622] INFO: Loaded cogs.uwu
[2026-08-16 10:39:06,623] INFO: Loaded cogs.wipe
[2026-08-16 10:39:07,653] INFO: Shard ID None has connected to Gateway (Session ID: 2d7be1d7b097bdc079f89565a727f2ea).
[2026-08-16 10:39:11,418] INFO: running as Meliolin#2512
[2026-08-16 10:39:11,418] INFO: owner_id: 1527319055017578547, owner_ids: set()
[2026-08-16 10:44:10,390] ERROR: Unhandled error in command 'ban': Command raised an exception: AttributeError: module 'utils.antinuke' has no attribute 'check_and_track'
Traceback (most recent call last):
  File "/home/light/Documents/main.exe/[00] WIP/Meliolin/venv/lib/python3.12/site-packages/discord/ext/commands/core.py", line 266, in wrapped
    ret = await coro(*args, **kwargs)
          ^^^^^^^^^^^^^^^^^^^^^^^^^^^
  File "/home/light/Documents/main.exe/[00] WIP/Meliolin/cogs/moderation.py", line 87, in ban
    if not await an.check_and_track(self.bot, ctx, "ban", "Mass banning"):
                 ^^^^^^^^^^^^^^^^^^
AttributeError: module 'utils.antinuke' has no attribute 'check_and_track'

The above exception was the direct cause of the following exception:

Traceback (most recent call last):
  File "/home/light/Documents/main.exe/[00] WIP/Meliolin/venv/lib/python3.12/site-packages/discord/ext/commands/bot.py", line 1376, in invoke
    await ctx.command.invoke(ctx)
  File "/home/light/Documents/main.exe/[00] WIP/Meliolin/venv/lib/python3.12/site-packages/discord/ext/commands/core.py", line 1064, in invoke
    await injected(*ctx.args, **ctx.kwargs)  # type: ignore
    ^^^^^^^^^^^^^^^^^^^^^^^^^^^^^^^^^^^^^^^
  File "/home/light/Documents/main.exe/[00] WIP/Meliolin/venv/lib/python3.12/site-packages/discord/ext/commands/core.py", line 275, in wrapped
    raise CommandInvokeError(exc) from exc
discord.ext.commands.errors.CommandInvokeError: Command raised an exception: AttributeError: module 'utils.antinuke' has no attribute 'check_and_track'
[2026-08-16 10:47:31,735] ERROR: Unhandled error in command 'ban': Command raised an exception: AttributeError: module 'utils.antinuke' has no attribute 'check_and_track'
Traceback (most recent call last):
  File "/home/light/Documents/main.exe/[00] WIP/Meliolin/venv/lib/python3.12/site-packages/discord/ext/commands/core.py", line 266, in wrapped
    ret = await coro(*args, **kwargs)
          ^^^^^^^^^^^^^^^^^^^^^^^^^^^
  File "/home/light/Documents/main.exe/[00] WIP/Meliolin/cogs/moderation.py", line 87, in ban
    if not await an.check_and_track(self.bot, ctx, "ban", "Mass banning"):
                 ^^^^^^^^^^^^^^^^^^
AttributeError: module 'utils.antinuke' has no attribute 'check_and_track'

The above exception was the direct cause of the following exception:

Traceback (most recent call last):
  File "/home/light/Documents/main.exe/[00] WIP/Meliolin/venv/lib/python3.12/site-packages/discord/ext/commands/bot.py", line 1376, in invoke
    await ctx.command.invoke(ctx)
  File "/home/light/Documents/main.exe/[00] WIP/Meliolin/venv/lib/python3.12/site-packages/discord/ext/commands/core.py", line 1064, in invoke
    await injected(*ctx.args, **ctx.kwargs)  # type: ignore
    ^^^^^^^^^^^^^^^^^^^^^^^^^^^^^^^^^^^^^^^
  File "/home/light/Documents/main.exe/[00] WIP/Meliolin/venv/lib/python3.12/site-packages/discord/ext/commands/core.py", line 275, in wrapped
    raise CommandInvokeError(exc) from exc
discord.ext.commands.errors.CommandInvokeError: Command raised an exception: AttributeError: module 'utils.antinuke' has no attribute 'check_and_track'
[2026-08-16 10:47:43,197] WARNING: PyNaCl is not installed, voice will NOT be supported
[2026-08-16 10:47:43,197] WARNING: davey is not installed, voice will NOT be supported
[2026-08-16 10:47:52,886] WARNING: PyNaCl is not installed, voice will NOT be supported
[2026-08-16 10:47:52,886] WARNING: davey is not installed, voice will NOT be supported
[2026-08-16 10:47:52,886] INFO: logging in using static token
[2026-08-16 10:47:54,438] INFO: Loaded cogs.annoy
[2026-08-16 10:47:54,439] INFO: Loaded cogs.antinuke
[2026-08-16 10:47:54,439] ERROR: Failed to load cogs.autosend — skipping, other cogs will still load
Traceback (most recent call last):
  File "/home/light/Documents/main.exe/[00] WIP/Meliolin/venv/lib/python3.12/site-packages/discord/ext/commands/bot.py", line 974, in _load_from_module_spec
    await setup(self)
  File "/home/light/Documents/main.exe/[00] WIP/Meliolin/cogs/autosend.py", line 74, in setup
    await bot.add_cog(autosend(bot))
  File "/home/light/Documents/main.exe/[00] WIP/Meliolin/venv/lib/python3.12/site-packages/discord/ext/commands/bot.py", line 810, in add_cog
    cog = await cog._inject(self, override=override, guild=guild, guilds=guilds)
          ^^^^^^^^^^^^^^^^^^^^^^^^^^^^^^^^^^^^^^^^^^^^^^^^^^^^^^^^^^^^^^^^^^^^^^
  File "/home/light/Documents/main.exe/[00] WIP/Meliolin/venv/lib/python3.12/site-packages/discord/ext/commands/cog.py", line 729, in _inject
    raise e
  File "/home/light/Documents/main.exe/[00] WIP/Meliolin/venv/lib/python3.12/site-packages/discord/ext/commands/cog.py", line 720, in _inject
    bot.add_command(command)
  File "/home/light/Documents/main.exe/[00] WIP/Meliolin/venv/lib/python3.12/site-packages/discord/ext/commands/bot.py", line 264, in add_command
    super().add_command(command)
  File "/home/light/Documents/main.exe/[00] WIP/Meliolin/venv/lib/python3.12/site-packages/discord/ext/commands/core.py", line 1391, in add_command
    raise CommandRegistrationError(command.name)
discord.ext.commands.errors.CommandRegistrationError: The command annoy is already an existing command or alias.

The above exception was the direct cause of the following exception:

Traceback (most recent call last):
  File "/home/light/Documents/main.exe/[00] WIP/Meliolin/main.py", line 99, in setup_hook
    await self.load_extension(f"cogs.{filename[:-3]}")
  File "/home/light/Documents/main.exe/[00] WIP/Meliolin/venv/lib/python3.12/site-packages/discord/ext/commands/bot.py", line 1040, in load_extension
    await self._load_from_module_spec(spec, name)
  File "/home/light/Documents/main.exe/[00] WIP/Meliolin/venv/lib/python3.12/site-packages/discord/ext/commands/bot.py", line 979, in _load_from_module_spec
    raise errors.ExtensionFailed(key, e) from e
discord.ext.commands.errors.ExtensionFailed: Extension 'cogs.autosend' raised an error: CommandRegistrationError: The command annoy is already an existing command or alias.
[2026-08-16 10:47:54,443] INFO: Loaded cogs.boosterroles
[2026-08-16 10:47:54,445] INFO: Loaded cogs.botperms
[2026-08-16 10:47:54,447] INFO: Loaded cogs.channels
[2026-08-16 10:47:54,448] INFO: Loaded cogs.giveaway
[2026-08-16 10:47:54,449] INFO: Loaded cogs.help
[2026-08-16 10:47:54,449] INFO: Loaded cogs.invites
[2026-08-16 10:47:54,449] INFO: Loaded cogs.latency
[2026-08-16 10:47:54,450] INFO: Loaded cogs.mimic
[2026-08-16 10:47:54,451] INFO: Loaded cogs.moderation
[2026-08-16 10:47:54,451] INFO: Loaded cogs.modlog
[2026-08-16 10:47:54,452] INFO: Loaded cogs.mutes
[2026-08-16 10:47:54,453] INFO: Loaded cogs.nicknames
[2026-08-16 10:47:54,455] INFO: Loaded cogs.owner
[2026-08-16 10:47:54,455] INFO: Loaded cogs.pingrole
[2026-08-16 10:47:54,456] INFO: Loaded cogs.purge
[2026-08-16 10:47:54,458] INFO: Loaded cogs.roles
[2026-08-16 10:47:54,458] INFO: Loaded cogs.serverconfig
[2026-08-16 10:47:54,459] INFO: Loaded cogs.snipe
[2026-08-16 10:47:54,459] INFO: Loaded cogs.userinfo
[2026-08-16 10:47:54,461] INFO: Loaded cogs.uwu
[2026-08-16 10:47:54,461] INFO: Loaded cogs.wipe
[2026-08-16 10:47:55,479] INFO: Shard ID None has connected to Gateway (Session ID: c50e7f1b3ef8992e097ebde5c5e579f8).
[2026-08-16 10:47:59,172] INFO: running as Meliolin#2512
[2026-08-16 10:47:59,172] INFO: owner_id: 1527319055017578547, owner_ids: set()
[2026-08-16 10:47:59,172] INFO: on_ready vanish branch: channel_id=1534916705904627904, vanish_blank=True
[2026-08-16 10:48:00,106] INFO: on_ready vanish webhook send succeeded
